14:03:10 [random_init_5] init=random width=32 start=None reference=initial H(target)=2.117 E_target[y]=0.9308 -> models/trafl_uniform_x/seed_2/random_init_5
14:03:10 [random_init_5] eval step   0: KL(p*||p)=8.9848  KL(p||p*)=19.9254  KL(pi||p)=6.7974  TV=0.9935  E_p[y]=0.4635  sum p=1.000000000000  (0.4s)
14:03:18 [random_init_5] eval step 250: KL(p*||p)=2.1283  KL(p||p*)=4.8507  KL(pi||p)=1.8147  TV=0.7776  E_p[y]=0.7934  sum p=1.000000000000  (0.4s)
14:03:23 [random_init_5] eval step 500: KL(p*||p)=0.9113  KL(p||p*)=2.1706  KL(pi||p)=1.0420  TV=0.5454  E_p[y]=0.8599  sum p=1.000000000000  (0.4s)
14:03:29 [random_init_5] eval step 750: KL(p*||p)=0.7622  KL(p||p*)=1.8585  KL(pi||p)=0.8495  TV=0.4985  E_p[y]=0.8721  sum p=1.000000000000  (0.4s)
14:03:35 [random_init_5] eval step 1000: KL(p*||p)=0.6910  KL(p||p*)=1.7819  KL(pi||p)=0.7573  TV=0.4678  E_p[y]=0.8731  sum p=1.000000000000  (0.5s)
14:03:41 [random_init_5] eval step 1250: KL(p*||p)=0.7346  KL(p||p*)=1.6379  KL(pi||p)=0.7250  TV=0.4926  E_p[y]=0.8771  sum p=1.000000000000  (0.5s)
14:03:47 [random_init_5] eval step 1500: KL(p*||p)=0.6763  KL(p||p*)=1.3663  KL(pi||p)=0.7859  TV=0.4435  E_p[y]=0.8918  sum p=1.000000000000  (0.5s)
14:03:53 [random_init_5] eval step 1750: KL(p*||p)=0.6833  KL(p||p*)=1.3973  KL(pi||p)=0.7359  TV=0.4791  E_p[y]=0.8876  sum p=1.000000000000  (0.5s)
14:03:59 [random_init_5] eval step 2000: KL(p*||p)=0.7166  KL(p||p*)=1.6198  KL(pi||p)=0.6492  TV=0.4913  E_p[y]=0.8757  sum p=1.000000000000  (0.5s)
14:04:05 [random_init_5] eval step 2250: KL(p*||p)=0.6804  KL(p||p*)=1.5008  KL(pi||p)=0.6027  TV=0.4688  E_p[y]=0.8765  sum p=1.000000000000  (0.5s)
14:04:11 [random_init_5] eval step 2500: KL(p*||p)=0.5699  KL(p||p*)=1.2328  KL(pi||p)=0.6429  TV=0.4075  E_p[y]=0.8929  sum p=1.000000000000  (0.5s)
14:04:17 [random_init_5] eval step 2750: KL(p*||p)=0.6728  KL(p||p*)=1.4072  KL(pi||p)=0.6130  TV=0.4483  E_p[y]=0.8919  sum p=1.000000000000  (0.5s)
14:04:23 [random_init_5] eval step 3000: KL(p*||p)=0.6041  KL(p||p*)=1.3117  KL(pi||p)=0.5941  TV=0.4409  E_p[y]=0.8927  sum p=1.000000000000  (0.5s)
14:04:29 [random_init_5] eval step 3250: KL(p*||p)=0.5882  KL(p||p*)=1.3165  KL(pi||p)=0.5125  TV=0.4444  E_p[y]=0.8833  sum p=1.000000000000  (0.5s)
14:04:35 [random_init_5] eval step 3500: KL(p*||p)=0.5519  KL(p||p*)=1.3410  KL(pi||p)=0.5548  TV=0.4238  E_p[y]=0.8925  sum p=1.000000000000  (0.6s)
14:04:41 [random_init_5] eval step 3750: KL(p*||p)=0.7199  KL(p||p*)=1.5780  KL(pi||p)=0.6184  TV=0.4712  E_p[y]=0.8808  sum p=1.000000000000  (0.5s)
14:04:47 [random_init_5] eval step 4000: KL(p*||p)=0.5281  KL(p||p*)=1.2249  KL(pi||p)=0.5338  TV=0.3971  E_p[y]=0.8947  sum p=1.000000000000  (0.5s)
14:04:53 [random_init_5] eval step 4250: KL(p*||p)=0.6567  KL(p||p*)=1.3194  KL(pi||p)=0.5823  TV=0.4496  E_p[y]=0.8923  sum p=1.000000000000  (0.5s)
14:04:59 [random_init_5] eval step 4500: KL(p*||p)=0.6022  KL(p||p*)=1.2985  KL(pi||p)=0.5182  TV=0.4579  E_p[y]=0.8761  sum p=1.000000000000  (0.5s)
14:05:05 [random_init_5] eval step 4750: KL(p*||p)=0.5728  KL(p||p*)=1.1186  KL(pi||p)=0.6190  TV=0.4391  E_p[y]=0.9036  sum p=1.000000000000  (0.6s)
14:05:11 [random_init_5] eval step 5000: KL(p*||p)=0.6516  KL(p||p*)=1.3571  KL(pi||p)=0.5064  TV=0.4559  E_p[y]=0.8898  sum p=1.000000000000  (0.5s)
14:05:17 [random_init_5] eval step 5250: KL(p*||p)=0.6749  KL(p||p*)=1.3913  KL(pi||p)=0.5772  TV=0.4741  E_p[y]=0.8866  sum p=1.000000000000  (0.5s)
14:05:23 [random_init_5] eval step 5500: KL(p*||p)=0.6167  KL(p||p*)=1.3213  KL(pi||p)=0.4986  TV=0.4534  E_p[y]=0.8940  sum p=1.000000000000  (0.5s)
14:05:29 [random_init_5] eval step 5750: KL(p*||p)=0.5865  KL(p||p*)=1.2657  KL(pi||p)=0.5260  TV=0.4379  E_p[y]=0.8922  sum p=1.000000000000  (0.5s)
14:05:35 [random_init_5] eval step 6000: KL(p*||p)=0.5798  KL(p||p*)=1.2699  KL(pi||p)=0.5047  TV=0.4400  E_p[y]=0.8927  sum p=1.000000000000  (0.6s)
14:05:40 [random_init_5] eval step 6250: KL(p*||p)=0.4792  KL(p||p*)=0.9500  KL(pi||p)=0.5201  TV=0.4047  E_p[y]=0.9018  sum p=1.000000000000  (0.5s)
14:05:46 [random_init_5] eval step 6500: KL(p*||p)=0.5651  KL(p||p*)=1.1940  KL(pi||p)=0.4327  TV=0.4520  E_p[y]=0.8862  sum p=1.000000000000  (0.5s)
14:05:52 [random_init_5] eval step 6750: KL(p*||p)=0.5669  KL(p||p*)=1.2212  KL(pi||p)=0.4802  TV=0.4502  E_p[y]=0.8915  sum p=1.000000000000  (0.5s)
14:05:58 [random_init_5] eval step 7000: KL(p*||p)=0.7076  KL(p||p*)=1.3289  KL(pi||p)=0.4841  TV=0.5097  E_p[y]=0.8862  sum p=1.000000000000  (0.5s)
14:06:04 [random_init_5] eval step 7250: KL(p*||p)=0.4869  KL(p||p*)=1.0561  KL(pi||p)=0.4290  TV=0.4027  E_p[y]=0.8981  sum p=1.000000000000  (0.6s)
14:06:10 [random_init_5] eval step 7500: KL(p*||p)=0.5254  KL(p||p*)=1.0791  KL(pi||p)=0.4522  TV=0.4327  E_p[y]=0.9000  sum p=1.000000000000  (0.5s)
14:06:16 [random_init_5] eval step 7750: KL(p*||p)=0.3563  KL(p||p*)=0.7776  KL(pi||p)=0.4282  TV=0.3470  E_p[y]=0.9045  sum p=1.000000000000  (0.5s)
14:06:21 [random_init_5] eval step 8000: KL(p*||p)=0.5560  KL(p||p*)=1.1091  KL(pi||p)=0.4418  TV=0.4388  E_p[y]=0.8947  sum p=1.000000000000  (0.5s)
14:06:27 [random_init_5] eval step 8250: KL(p*||p)=0.5442  KL(p||p*)=1.1573  KL(pi||p)=0.3975  TV=0.4294  E_p[y]=0.8871  sum p=1.000000000000  (0.5s)
14:06:33 [random_init_5] eval step 8500: KL(p*||p)=0.5837  KL(p||p*)=1.2148  KL(pi||p)=0.4523  TV=0.4631  E_p[y]=0.8864  sum p=1.000000000000  (0.6s)
14:06:39 [random_init_5] eval step 8750: KL(p*||p)=0.4744  KL(p||p*)=1.0524  KL(pi||p)=0.4090  TV=0.4092  E_p[y]=0.8956  sum p=1.000000000000  (0.5s)
14:06:45 [random_init_5] eval step 9000: KL(p*||p)=0.4760  KL(p||p*)=1.0465  KL(pi||p)=0.3960  TV=0.4145  E_p[y]=0.8953  sum p=1.000000000000  (0.5s)
14:06:51 [random_init_5] eval step 9250: KL(p*||p)=0.4388  KL(p||p*)=0.9155  KL(pi||p)=0.3788  TV=0.3841  E_p[y]=0.8999  sum p=1.000000000000  (0.5s)
14:06:57 [random_init_5] eval step 9500: KL(p*||p)=0.4437  KL(p||p*)=0.9060  KL(pi||p)=0.4534  TV=0.3757  E_p[y]=0.9005  sum p=1.000000000000  (0.5s)
14:07:02 [random_init_5] eval step 9750: KL(p*||p)=0.3915  KL(p||p*)=0.8629  KL(pi||p)=0.3968  TV=0.3471  E_p[y]=0.9008  sum p=1.000000000000  (0.6s)
14:07:07 [random_init_5] eval step 10000: KL(p*||p)=0.4388  KL(p||p*)=0.9686  KL(pi||p)=0.3584  TV=0.3981  E_p[y]=0.8942  sum p=1.000000000000  (0.5s)
14:07:11 [random_init_5] eval step 10250: KL(p*||p)=0.4536  KL(p||p*)=0.9198  KL(pi||p)=0.4208  TV=0.3817  E_p[y]=0.8988  sum p=1.000000000000  (0.5s)
14:07:16 [random_init_5] eval step 10500: KL(p*||p)=0.5645  KL(p||p*)=1.1437  KL(pi||p)=0.3811  TV=0.4522  E_p[y]=0.8914  sum p=1.000000000000  (0.5s)
14:07:20 [random_init_5] eval step 10750: KL(p*||p)=0.4848  KL(p||p*)=1.0060  KL(pi||p)=0.3927  TV=0.4085  E_p[y]=0.8986  sum p=1.000000000000  (0.5s)
14:07:25 [random_init_5] eval step 11000: KL(p*||p)=0.4391  KL(p||p*)=0.9056  KL(pi||p)=0.3835  TV=0.3849  E_p[y]=0.8954  sum p=1.000000000000  (0.5s)
14:07:29 [random_init_5] eval step 11250: KL(p*||p)=0.4641  KL(p||p*)=1.0081  KL(pi||p)=0.3873  TV=0.4065  E_p[y]=0.8913  sum p=1.000000000000  (0.5s)
14:07:33 [random_init_5] eval step 11500: KL(p*||p)=0.4975  KL(p||p*)=1.0540  KL(pi||p)=0.3874  TV=0.4199  E_p[y]=0.8965  sum p=1.000000000000  (0.5s)
14:07:38 [random_init_5] eval step 11750: KL(p*||p)=0.5052  KL(p||p*)=0.9816  KL(pi||p)=0.3923  TV=0.4096  E_p[y]=0.8970  sum p=1.000000000000  (0.5s)
14:07:42 [random_init_5] eval step 12000: KL(p*||p)=0.4731  KL(p||p*)=0.9816  KL(pi||p)=0.3851  TV=0.3933  E_p[y]=0.8982  sum p=1.000000000000  (0.5s)
14:07:47 [random_init_5] eval step 12250: KL(p*||p)=0.4510  KL(p||p*)=0.9309  KL(pi||p)=0.3650  TV=0.3922  E_p[y]=0.9026  sum p=1.000000000000  (0.5s)
14:07:51 [random_init_5] eval step 12500: KL(p*||p)=0.4475  KL(p||p*)=0.8970  KL(pi||p)=0.4141  TV=0.3930  E_p[y]=0.9054  sum p=1.000000000000  (0.5s)
14:07:56 [random_init_5] eval step 12750: KL(p*||p)=0.4277  KL(p||p*)=0.8714  KL(pi||p)=0.3340  TV=0.3759  E_p[y]=0.8962  sum p=1.000000000000  (0.5s)
14:08:00 [random_init_5] eval step 13000: KL(p*||p)=0.5620  KL(p||p*)=1.0719  KL(pi||p)=0.3452  TV=0.4405  E_p[y]=0.8918  sum p=1.000000000000  (0.5s)
14:08:04 [random_init_5] eval step 13250: KL(p*||p)=0.4969  KL(p||p*)=0.8954  KL(pi||p)=0.4024  TV=0.4041  E_p[y]=0.9057  sum p=1.000000000000  (0.5s)
14:08:09 [random_init_5] eval step 13500: KL(p*||p)=0.4593  KL(p||p*)=0.8429  KL(pi||p)=0.3945  TV=0.4046  E_p[y]=0.9024  sum p=1.000000000000  (0.5s)
14:08:13 [random_init_5] eval step 13750: KL(p*||p)=0.3898  KL(p||p*)=0.8115  KL(pi||p)=0.3559  TV=0.3730  E_p[y]=0.9053  sum p=1.000000000000  (0.5s)
14:08:18 [random_init_5] eval step 14000: KL(p*||p)=0.4213  KL(p||p*)=0.8386  KL(pi||p)=0.3576  TV=0.3682  E_p[y]=0.8992  sum p=1.000000000000  (0.5s)
14:08:22 [random_init_5] eval step 14250: KL(p*||p)=0.4163  KL(p||p*)=0.8250  KL(pi||p)=0.3990  TV=0.3602  E_p[y]=0.9047  sum p=1.000000000000  (0.6s)
14:08:27 [random_init_5] eval step 14500: KL(p*||p)=0.4344  KL(p||p*)=0.8947  KL(pi||p)=0.3063  TV=0.3938  E_p[y]=0.8955  sum p=1.000000000000  (0.5s)
14:08:31 [random_init_5] eval step 14750: KL(p*||p)=0.3838  KL(p||p*)=0.7557  KL(pi||p)=0.3489  TV=0.3462  E_p[y]=0.9025  sum p=1.000000000000  (0.5s)
14:08:35 [random_init_5] eval step 15000: KL(p*||p)=0.4772  KL(p||p*)=0.9522  KL(pi||p)=0.3828  TV=0.4044  E_p[y]=0.9036  sum p=1.000000000000  (0.5s)
14:08:40 [random_init_5] eval step 15250: KL(p*||p)=0.4555  KL(p||p*)=0.9203  KL(pi||p)=0.3212  TV=0.4043  E_p[y]=0.8993  sum p=1.000000000000  (0.5s)
14:08:44 [random_init_5] eval step 15500: KL(p*||p)=0.3870  KL(p||p*)=0.7908  KL(pi||p)=0.3122  TV=0.3704  E_p[y]=0.8957  sum p=1.000000000000  (0.6s)
14:08:49 [random_init_5] eval step 15750: KL(p*||p)=0.4466  KL(p||p*)=0.9060  KL(pi||p)=0.3192  TV=0.3976  E_p[y]=0.9030  sum p=1.000000000000  (0.5s)
14:08:53 [random_init_5] eval step 16000: KL(p*||p)=0.4489  KL(p||p*)=0.9111  KL(pi||p)=0.3524  TV=0.3898  E_p[y]=0.8999  sum p=1.000000000000  (0.5s)
14:08:58 [random_init_5] eval step 16250: KL(p*||p)=0.5196  KL(p||p*)=1.0245  KL(pi||p)=0.3052  TV=0.4359  E_p[y]=0.8939  sum p=1.000000000000  (0.5s)
14:09:02 [random_init_5] eval step 16500: KL(p*||p)=0.3478  KL(p||p*)=0.6969  KL(pi||p)=0.3169  TV=0.3358  E_p[y]=0.9024  sum p=1.000000000000  (0.5s)
14:09:07 [random_init_5] eval step 16750: KL(p*||p)=0.5399  KL(p||p*)=1.0341  KL(pi||p)=0.3271  TV=0.4434  E_p[y]=0.8930  sum p=1.000000000000  (0.6s)
14:09:11 [random_init_5] eval step 17000: KL(p*||p)=0.5398  KL(p||p*)=1.0466  KL(pi||p)=0.3312  TV=0.4487  E_p[y]=0.8882  sum p=1.000000000000  (0.5s)
14:09:15 [random_init_5] eval step 17250: KL(p*||p)=0.4001  KL(p||p*)=0.7719  KL(pi||p)=0.3105  TV=0.3706  E_p[y]=0.9016  sum p=1.000000000000  (0.5s)
14:09:20 [random_init_5] eval step 17500: KL(p*||p)=0.5869  KL(p||p*)=1.1281  KL(pi||p)=0.3629  TV=0.4620  E_p[y]=0.8902  sum p=1.000000000000  (0.5s)
14:09:24 [random_init_5] eval step 17750: KL(p*||p)=0.4147  KL(p||p*)=0.8761  KL(pi||p)=0.3201  TV=0.3676  E_p[y]=0.9007  sum p=1.000000000000  (0.6s)
14:09:29 [random_init_5] eval step 18000: KL(p*||p)=0.4929  KL(p||p*)=0.8994  KL(pi||p)=0.3404  TV=0.4164  E_p[y]=0.9023  sum p=1.000000000000  (0.5s)
14:09:33 [random_init_5] eval step 18250: KL(p*||p)=0.4273  KL(p||p*)=0.8528  KL(pi||p)=0.2941  TV=0.3874  E_p[y]=0.9026  sum p=1.000000000000  (0.5s)
14:09:33 [random_init_5] loss plateau at step 18250: mean of last 2000 steps improved < 1% over 2000 steps; stopping
14:09:33 [random_init_5] done: KL(p*||p) 8.9848 -> 0.4273
