12:33:04 [random_init_5] init=random width=32 start=None reference=initial H(target)=2.117 E_target[y]=0.9308 -> models/trafl_b15_k32/seed_2/random_init_5
12:33:04 [random_init_5] eval step   0: KL(p*||p)=8.9848  KL(p||p*)=19.9254  KL(pi||p)=6.7974  TV=0.9935  E_p[y]=0.4635  sum p=1.000000000000  (0.5s)
12:33:12 [random_init_5] eval step 250: KL(p*||p)=2.5071  KL(p||p*)=2.3120  KL(pi||p)=3.1977  TV=0.7213  E_p[y]=0.8511  sum p=1.000000000000  (0.4s)
12:33:18 [random_init_5] eval step 500: KL(p*||p)=0.5826  KL(p||p*)=0.5372  KL(pi||p)=2.6063  TV=0.2940  E_p[y]=0.9051  sum p=1.000000000000  (0.4s)
12:33:24 [random_init_5] eval step 750: KL(p*||p)=0.5717  KL(p||p*)=0.4381  KL(pi||p)=2.6347  TV=0.2925  E_p[y]=0.9072  sum p=1.000000000000  (0.5s)
12:33:30 [random_init_5] eval step 1000: KL(p*||p)=0.5091  KL(p||p*)=0.3219  KL(pi||p)=2.6220  TV=0.2501  E_p[y]=0.9153  sum p=1.000000000000  (0.5s)
12:33:37 [random_init_5] eval step 1250: KL(p*||p)=0.5339  KL(p||p*)=0.3822  KL(pi||p)=2.4091  TV=0.2919  E_p[y]=0.9133  sum p=1.000000000000  (0.8s)
12:33:44 [random_init_5] eval step 1500: KL(p*||p)=0.4673  KL(p||p*)=0.2902  KL(pi||p)=2.3670  TV=0.2247  E_p[y]=0.9149  sum p=1.000000000000  (0.6s)
12:33:51 [random_init_5] eval step 1750: KL(p*||p)=0.5135  KL(p||p*)=0.3947  KL(pi||p)=2.1340  TV=0.2966  E_p[y]=0.9100  sum p=1.000000000000  (0.5s)
12:33:57 [random_init_5] eval step 2000: KL(p*||p)=0.4982  KL(p||p*)=0.3594  KL(pi||p)=2.1509  TV=0.2916  E_p[y]=0.9133  sum p=1.000000000000  (0.5s)
12:34:03 [random_init_5] eval step 2250: KL(p*||p)=0.4922  KL(p||p*)=0.3813  KL(pi||p)=2.0361  TV=0.2911  E_p[y]=0.9088  sum p=1.000000000000  (0.5s)
12:34:09 [random_init_5] eval step 2500: KL(p*||p)=0.4353  KL(p||p*)=0.3027  KL(pi||p)=1.9691  TV=0.2480  E_p[y]=0.9121  sum p=1.000000000000  (0.6s)
12:34:16 [random_init_5] eval step 2750: KL(p*||p)=0.4485  KL(p||p*)=0.3288  KL(pi||p)=1.9132  TV=0.2697  E_p[y]=0.9136  sum p=1.000000000000  (0.6s)
12:34:24 [random_init_5] eval step 3000: KL(p*||p)=0.4179  KL(p||p*)=0.2672  KL(pi||p)=1.9644  TV=0.2378  E_p[y]=0.9119  sum p=1.000000000000  (0.5s)
12:34:31 [random_init_5] eval step 3250: KL(p*||p)=0.4976  KL(p||p*)=0.3798  KL(pi||p)=1.8748  TV=0.3052  E_p[y]=0.9084  sum p=1.000000000000  (0.6s)
12:34:38 [random_init_5] eval step 3500: KL(p*||p)=0.4246  KL(p||p*)=0.3234  KL(pi||p)=1.7571  TV=0.2681  E_p[y]=0.9118  sum p=1.000000000000  (0.7s)
12:34:45 [random_init_5] eval step 3750: KL(p*||p)=0.3704  KL(p||p*)=0.2480  KL(pi||p)=1.7312  TV=0.2240  E_p[y]=0.9147  sum p=1.000000000000  (0.8s)
12:34:52 [random_init_5] eval step 4000: KL(p*||p)=0.4039  KL(p||p*)=0.2917  KL(pi||p)=1.6812  TV=0.2660  E_p[y]=0.9145  sum p=1.000000000000  (0.5s)
12:34:58 [random_init_5] eval step 4250: KL(p*||p)=0.3772  KL(p||p*)=0.2813  KL(pi||p)=1.5673  TV=0.2476  E_p[y]=0.9132  sum p=1.000000000000  (0.6s)
12:35:04 [random_init_5] eval step 4500: KL(p*||p)=0.4325  KL(p||p*)=0.3477  KL(pi||p)=1.5938  TV=0.3041  E_p[y]=0.9115  sum p=1.000000000000  (0.5s)
12:35:10 [random_init_5] eval step 4750: KL(p*||p)=0.3867  KL(p||p*)=0.2924  KL(pi||p)=1.5447  TV=0.2720  E_p[y]=0.9143  sum p=1.000000000000  (0.5s)
12:35:16 [random_init_5] eval step 5000: KL(p*||p)=0.3410  KL(p||p*)=0.2452  KL(pi||p)=1.5099  TV=0.2312  E_p[y]=0.9167  sum p=1.000000000000  (0.5s)
12:35:22 [random_init_5] eval step 5250: KL(p*||p)=0.3752  KL(p||p*)=0.3105  KL(pi||p)=1.4217  TV=0.2664  E_p[y]=0.9129  sum p=1.000000000000  (0.6s)
12:35:28 [random_init_5] eval step 5500: KL(p*||p)=0.4189  KL(p||p*)=0.3559  KL(pi||p)=1.4995  TV=0.3037  E_p[y]=0.9092  sum p=1.000000000000  (0.5s)
12:35:34 [random_init_5] eval step 5750: KL(p*||p)=0.3426  KL(p||p*)=0.2418  KL(pi||p)=1.5238  TV=0.2322  E_p[y]=0.9167  sum p=1.000000000000  (0.5s)
12:35:40 [random_init_5] eval step 6000: KL(p*||p)=0.3472  KL(p||p*)=0.2515  KL(pi||p)=1.4765  TV=0.2386  E_p[y]=0.9135  sum p=1.000000000000  (0.6s)
12:35:46 [random_init_5] eval step 6250: KL(p*||p)=0.3718  KL(p||p*)=0.2932  KL(pi||p)=1.4329  TV=0.2569  E_p[y]=0.9118  sum p=1.000000000000  (0.5s)
12:35:52 [random_init_5] eval step 6500: KL(p*||p)=0.3875  KL(p||p*)=0.3073  KL(pi||p)=1.4713  TV=0.2751  E_p[y]=0.9147  sum p=1.000000000000  (0.5s)
12:35:58 [random_init_5] eval step 6750: KL(p*||p)=0.4007  KL(p||p*)=0.3479  KL(pi||p)=1.4167  TV=0.2890  E_p[y]=0.9134  sum p=1.000000000000  (0.7s)
12:36:04 [random_init_5] eval step 7000: KL(p*||p)=0.3277  KL(p||p*)=0.2488  KL(pi||p)=1.4244  TV=0.2279  E_p[y]=0.9158  sum p=1.000000000000  (0.5s)
12:36:10 [random_init_5] eval step 7250: KL(p*||p)=0.3422  KL(p||p*)=0.2435  KL(pi||p)=1.4702  TV=0.2339  E_p[y]=0.9128  sum p=1.000000000000  (0.5s)
12:36:16 [random_init_5] eval step 7500: KL(p*||p)=0.3408  KL(p||p*)=0.2627  KL(pi||p)=1.3914  TV=0.2489  E_p[y]=0.9158  sum p=1.000000000000  (0.6s)
12:36:23 [random_init_5] eval step 7750: KL(p*||p)=0.3595  KL(p||p*)=0.2957  KL(pi||p)=1.3426  TV=0.2632  E_p[y]=0.9114  sum p=1.000000000000  (0.6s)
12:36:29 [random_init_5] eval step 8000: KL(p*||p)=0.3449  KL(p||p*)=0.2842  KL(pi||p)=1.3190  TV=0.2515  E_p[y]=0.9135  sum p=1.000000000000  (0.6s)
12:36:34 [random_init_5] eval step 8250: KL(p*||p)=0.3987  KL(p||p*)=0.3814  KL(pi||p)=1.2696  TV=0.3046  E_p[y]=0.9125  sum p=1.000000000000  (0.5s)
12:36:39 [random_init_5] eval step 8500: KL(p*||p)=0.3318  KL(p||p*)=0.2695  KL(pi||p)=1.3165  TV=0.2456  E_p[y]=0.9146  sum p=1.000000000000  (0.5s)
12:36:44 [random_init_5] eval step 8750: KL(p*||p)=0.3778  KL(p||p*)=0.3360  KL(pi||p)=1.2173  TV=0.2994  E_p[y]=0.9128  sum p=1.000000000000  (0.5s)
12:36:49 [random_init_5] eval step 9000: KL(p*||p)=0.3104  KL(p||p*)=0.2382  KL(pi||p)=1.2596  TV=0.2376  E_p[y]=0.9149  sum p=1.000000000000  (0.4s)
12:36:49 [random_init_5] loss plateau at step 9000: mean of last 2000 steps improved < 1% over 2000 steps; stopping
12:36:49 [random_init_5] done: KL(p*||p) 8.9848 -> 0.3104
