12:33:04 [finetune_5] init=finetune width=32 start=models/pretrain/mlp_5/best.npz reference=initial H(target)=1.176 E_target[y]=0.8090 -> models/trafl_b15_k32/seed_1/finetune_5
12:33:04 [finetune_5] eval step   0: KL(p*||p)=3.3065  KL(p||p*)=9.9047  KL(pi||p)=7.2188  TV=0.8450  E_p[y]=0.3537  sum p=1.000000000000  (0.5s)
12:33:12 [finetune_5] eval step 250: KL(p*||p)=1.2386  KL(p||p*)=0.5590  KL(pi||p)=7.3103  TV=0.4052  E_p[y]=0.7173  sum p=1.000000000000  (0.4s)
12:33:18 [finetune_5] eval step 500: KL(p*||p)=0.4636  KL(p||p*)=0.3528  KL(pi||p)=6.5556  TV=0.3391  E_p[y]=0.7372  sum p=1.000000000000  (0.4s)
12:33:24 [finetune_5] eval step 750: KL(p*||p)=0.2261  KL(p||p*)=0.2594  KL(pi||p)=6.4028  TV=0.2552  E_p[y]=0.7564  sum p=1.000000000000  (0.5s)
12:33:30 [finetune_5] eval step 1000: KL(p*||p)=0.2248  KL(p||p*)=0.2622  KL(pi||p)=6.5556  TV=0.2525  E_p[y]=0.7556  sum p=1.000000000000  (0.5s)
12:33:38 [finetune_5] eval step 1250: KL(p*||p)=0.1658  KL(p||p*)=0.2084  KL(pi||p)=6.1629  TV=0.2264  E_p[y]=0.7608  sum p=1.000000000000  (0.8s)
12:33:44 [finetune_5] eval step 1500: KL(p*||p)=0.1425  KL(p||p*)=0.1797  KL(pi||p)=6.4375  TV=0.2125  E_p[y]=0.7621  sum p=1.000000000000  (0.5s)
12:33:51 [finetune_5] eval step 1750: KL(p*||p)=0.1493  KL(p||p*)=0.1947  KL(pi||p)=6.5795  TV=0.2107  E_p[y]=0.7627  sum p=1.000000000000  (0.5s)
12:33:57 [finetune_5] eval step 2000: KL(p*||p)=0.0878  KL(p||p*)=0.1044  KL(pi||p)=6.3042  TV=0.1655  E_p[y]=0.7741  sum p=1.000000000000  (0.5s)
12:34:03 [finetune_5] eval step 2250: KL(p*||p)=0.0689  KL(p||p*)=0.0869  KL(pi||p)=6.1195  TV=0.1410  E_p[y]=0.7805  sum p=1.000000000000  (0.5s)
12:34:10 [finetune_5] eval step 2500: KL(p*||p)=0.0375  KL(p||p*)=0.0744  KL(pi||p)=5.9416  TV=0.0701  E_p[y]=0.7948  sum p=1.000000000000  (0.6s)
12:34:17 [finetune_5] eval step 2750: KL(p*||p)=0.0605  KL(p||p*)=0.0842  KL(pi||p)=6.1301  TV=0.1333  E_p[y]=0.7810  sum p=1.000000000000  (0.6s)
12:34:24 [finetune_5] eval step 3000: KL(p*||p)=0.0529  KL(p||p*)=0.0703  KL(pi||p)=6.1428  TV=0.1227  E_p[y]=0.7830  sum p=1.000000000000  (0.5s)
12:34:32 [finetune_5] eval step 3250: KL(p*||p)=0.0663  KL(p||p*)=0.1017  KL(pi||p)=6.1582  TV=0.1182  E_p[y]=0.7840  sum p=1.000000000000  (1.0s)
12:34:39 [finetune_5] eval step 3500: KL(p*||p)=0.0312  KL(p||p*)=0.0548  KL(pi||p)=5.8661  TV=0.0596  E_p[y]=0.8012  sum p=1.000000000000  (0.5s)
12:34:46 [finetune_5] eval step 3750: KL(p*||p)=0.0680  KL(p||p*)=0.0824  KL(pi||p)=6.1309  TV=0.1467  E_p[y]=0.7781  sum p=1.000000000000  (0.7s)
12:34:52 [finetune_5] eval step 4000: KL(p*||p)=0.0536  KL(p||p*)=0.0769  KL(pi||p)=5.9923  TV=0.1144  E_p[y]=0.7856  sum p=1.000000000000  (0.5s)
12:34:58 [finetune_5] eval step 4250: KL(p*||p)=0.0358  KL(p||p*)=0.0510  KL(pi||p)=5.8664  TV=0.0922  E_p[y]=0.7914  sum p=1.000000000000  (0.6s)
12:35:05 [finetune_5] eval step 4500: KL(p*||p)=0.0576  KL(p||p*)=0.0610  KL(pi||p)=6.0951  TV=0.1419  E_p[y]=0.7801  sum p=1.000000000000  (0.5s)
12:35:11 [finetune_5] eval step 4750: KL(p*||p)=0.0550  KL(p||p*)=0.0720  KL(pi||p)=5.9311  TV=0.1219  E_p[y]=0.7849  sum p=1.000000000000  (0.5s)
12:35:17 [finetune_5] eval step 5000: KL(p*||p)=0.0706  KL(p||p*)=0.0855  KL(pi||p)=5.8572  TV=0.1561  E_p[y]=0.7749  sum p=1.000000000000  (0.5s)
12:35:23 [finetune_5] eval step 5250: KL(p*||p)=0.0675  KL(p||p*)=0.0830  KL(pi||p)=5.7685  TV=0.1426  E_p[y]=0.7812  sum p=1.000000000000  (0.6s)
12:35:29 [finetune_5] eval step 5500: KL(p*||p)=0.0606  KL(p||p*)=0.0829  KL(pi||p)=5.7094  TV=0.1293  E_p[y]=0.7843  sum p=1.000000000000  (0.5s)
12:35:35 [finetune_5] eval step 5750: KL(p*||p)=0.0754  KL(p||p*)=0.1146  KL(pi||p)=5.4549  TV=0.1537  E_p[y]=0.7767  sum p=1.000000000000  (0.5s)
12:35:41 [finetune_5] eval step 6000: KL(p*||p)=0.0676  KL(p||p*)=0.0720  KL(pi||p)=5.9685  TV=0.1551  E_p[y]=0.7777  sum p=1.000000000000  (0.5s)
12:35:47 [finetune_5] eval step 6250: KL(p*||p)=0.0770  KL(p||p*)=0.0811  KL(pi||p)=5.9769  TV=0.1631  E_p[y]=0.7758  sum p=1.000000000000  (0.5s)
12:35:53 [finetune_5] eval step 6500: KL(p*||p)=0.0827  KL(p||p*)=0.1040  KL(pi||p)=5.6318  TV=0.1595  E_p[y]=0.7792  sum p=1.000000000000  (0.5s)
12:35:59 [finetune_5] eval step 6750: KL(p*||p)=0.0968  KL(p||p*)=0.1059  KL(pi||p)=5.6947  TV=0.1813  E_p[y]=0.7727  sum p=1.000000000000  (0.7s)
12:36:05 [finetune_5] eval step 7000: KL(p*||p)=0.0888  KL(p||p*)=0.1016  KL(pi||p)=5.7666  TV=0.1716  E_p[y]=0.7759  sum p=1.000000000000  (0.5s)
12:36:11 [finetune_5] eval step 7250: KL(p*||p)=0.0922  KL(p||p*)=0.1174  KL(pi||p)=5.6314  TV=0.1665  E_p[y]=0.7789  sum p=1.000000000000  (0.6s)
12:36:18 [finetune_5] eval step 7500: KL(p*||p)=0.0927  KL(p||p*)=0.1135  KL(pi||p)=5.7441  TV=0.1705  E_p[y]=0.7769  sum p=1.000000000000  (0.6s)
12:36:24 [finetune_5] eval step 7750: KL(p*||p)=0.0931  KL(p||p*)=0.1095  KL(pi||p)=5.6650  TV=0.1707  E_p[y]=0.7756  sum p=1.000000000000  (0.5s)
12:36:31 [finetune_5] eval step 8000: KL(p*||p)=0.0962  KL(p||p*)=0.1290  KL(pi||p)=5.6564  TV=0.1659  E_p[y]=0.7792  sum p=1.000000000000  (0.7s)
12:36:31 [finetune_5] loss plateau at step 8000: mean of last 2000 steps improved < 1% over 2000 steps; stopping
12:36:31 [finetune_5] done: KL(p*||p) 3.3065 -> 0.0962
