14:03:10 [finetune_5] init=finetune width=32 start=models/pretrain/mlp_5/best.npz reference=initial H(target)=1.176 E_target[y]=0.8090 -> models/trafl_uniform_x/seed_1/finetune_5
14:03:10 [finetune_5] eval step   0: KL(p*||p)=3.3065  KL(p||p*)=9.9047  KL(pi||p)=7.2188  TV=0.8450  E_p[y]=0.3537  sum p=1.000000000000  (0.4s)
14:03:18 [finetune_5] eval step 250: KL(p*||p)=0.6000  KL(p||p*)=0.5692  KL(pi||p)=5.6894  TV=0.3575  E_p[y]=0.7213  sum p=1.000000000000  (0.4s)
14:03:23 [finetune_5] eval step 500: KL(p*||p)=0.3363  KL(p||p*)=0.5442  KL(pi||p)=5.1370  TV=0.2890  E_p[y]=0.7422  sum p=1.000000000000  (0.4s)
14:03:29 [finetune_5] eval step 750: KL(p*||p)=0.2686  KL(p||p*)=0.5246  KL(pi||p)=4.9663  TV=0.2413  E_p[y]=0.7574  sum p=1.000000000000  (0.4s)
14:03:35 [finetune_5] eval step 1000: KL(p*||p)=0.2031  KL(p||p*)=0.4397  KL(pi||p)=4.5976  TV=0.2205  E_p[y]=0.7617  sum p=1.000000000000  (0.5s)
14:03:41 [finetune_5] eval step 1250: KL(p*||p)=0.2052  KL(p||p*)=0.4386  KL(pi||p)=4.6780  TV=0.2086  E_p[y]=0.7687  sum p=1.000000000000  (0.4s)
14:03:47 [finetune_5] eval step 1500: KL(p*||p)=0.2184  KL(p||p*)=0.4851  KL(pi||p)=4.5032  TV=0.2305  E_p[y]=0.7577  sum p=1.000000000000  (0.5s)
14:03:53 [finetune_5] eval step 1750: KL(p*||p)=0.2128  KL(p||p*)=0.4788  KL(pi||p)=4.3201  TV=0.2046  E_p[y]=0.7719  sum p=1.000000000000  (0.5s)
14:03:59 [finetune_5] eval step 2000: KL(p*||p)=0.1672  KL(p||p*)=0.3725  KL(pi||p)=4.3511  TV=0.1893  E_p[y]=0.7749  sum p=1.000000000000  (0.5s)
14:04:05 [finetune_5] eval step 2250: KL(p*||p)=0.2296  KL(p||p*)=0.4895  KL(pi||p)=4.0205  TV=0.2276  E_p[y]=0.7654  sum p=1.000000000000  (0.5s)
14:04:11 [finetune_5] eval step 2500: KL(p*||p)=0.2391  KL(p||p*)=0.4600  KL(pi||p)=4.3193  TV=0.2426  E_p[y]=0.7600  sum p=1.000000000000  (0.5s)
14:04:17 [finetune_5] eval step 2750: KL(p*||p)=0.1448  KL(p||p*)=0.4104  KL(pi||p)=3.9571  TV=0.1557  E_p[y]=0.7945  sum p=1.000000000000  (0.5s)
14:04:23 [finetune_5] eval step 3000: KL(p*||p)=0.1611  KL(p||p*)=0.3553  KL(pi||p)=3.9712  TV=0.1889  E_p[y]=0.7718  sum p=1.000000000000  (0.5s)
14:04:29 [finetune_5] eval step 3250: KL(p*||p)=0.2123  KL(p||p*)=0.4993  KL(pi||p)=4.3076  TV=0.1994  E_p[y]=0.7768  sum p=1.000000000000  (0.5s)
14:04:35 [finetune_5] eval step 3500: KL(p*||p)=0.2184  KL(p||p*)=0.5004  KL(pi||p)=3.9340  TV=0.2196  E_p[y]=0.7633  sum p=1.000000000000  (0.5s)
14:04:41 [finetune_5] eval step 3750: KL(p*||p)=0.1762  KL(p||p*)=0.4775  KL(pi||p)=3.6782  TV=0.1922  E_p[y]=0.7769  sum p=1.000000000000  (0.5s)
14:04:47 [finetune_5] eval step 4000: KL(p*||p)=0.1884  KL(p||p*)=0.5018  KL(pi||p)=3.8458  TV=0.1917  E_p[y]=0.7810  sum p=1.000000000000  (0.5s)
14:04:53 [finetune_5] eval step 4250: KL(p*||p)=0.1906  KL(p||p*)=0.3709  KL(pi||p)=4.1374  TV=0.2117  E_p[y]=0.7704  sum p=1.000000000000  (0.5s)
14:04:59 [finetune_5] eval step 4500: KL(p*||p)=0.3444  KL(p||p*)=0.4864  KL(pi||p)=4.3887  TV=0.2974  E_p[y]=0.7422  sum p=1.000000000000  (0.5s)
14:05:05 [finetune_5] eval step 4750: KL(p*||p)=0.2112  KL(p||p*)=0.4691  KL(pi||p)=4.0753  TV=0.2123  E_p[y]=0.7693  sum p=1.000000000000  (0.5s)
14:05:11 [finetune_5] eval step 5000: KL(p*||p)=0.2897  KL(p||p*)=0.4115  KL(pi||p)=4.1940  TV=0.2746  E_p[y]=0.7553  sum p=1.000000000000  (0.5s)
14:05:17 [finetune_5] eval step 5250: KL(p*||p)=0.1914  KL(p||p*)=0.4201  KL(pi||p)=4.0864  TV=0.1925  E_p[y]=0.7750  sum p=1.000000000000  (0.5s)
14:05:23 [finetune_5] eval step 5500: KL(p*||p)=0.2195  KL(p||p*)=0.5428  KL(pi||p)=3.7900  TV=0.2120  E_p[y]=0.7626  sum p=1.000000000000  (0.5s)
14:05:29 [finetune_5] eval step 5750: KL(p*||p)=0.2590  KL(p||p*)=0.4994  KL(pi||p)=4.1956  TV=0.2469  E_p[y]=0.7627  sum p=1.000000000000  (0.5s)
14:05:35 [finetune_5] eval step 6000: KL(p*||p)=0.2270  KL(p||p*)=0.4938  KL(pi||p)=3.9295  TV=0.2199  E_p[y]=0.7704  sum p=1.000000000000  (0.6s)
14:05:41 [finetune_5] eval step 6250: KL(p*||p)=0.1788  KL(p||p*)=0.5293  KL(pi||p)=4.1258  TV=0.1779  E_p[y]=0.7889  sum p=1.000000000000  (0.5s)
14:05:47 [finetune_5] eval step 6500: KL(p*||p)=0.2289  KL(p||p*)=0.4497  KL(pi||p)=4.0563  TV=0.2359  E_p[y]=0.7593  sum p=1.000000000000  (0.5s)
14:05:53 [finetune_5] eval step 6750: KL(p*||p)=0.1988  KL(p||p*)=0.4367  KL(pi||p)=3.8110  TV=0.2119  E_p[y]=0.7661  sum p=1.000000000000  (0.5s)
14:05:58 [finetune_5] eval step 7000: KL(p*||p)=0.2216  KL(p||p*)=0.5471  KL(pi||p)=4.0193  TV=0.2159  E_p[y]=0.7616  sum p=1.000000000000  (0.5s)
14:06:04 [finetune_5] eval step 7250: KL(p*||p)=0.2501  KL(p||p*)=0.3909  KL(pi||p)=4.5784  TV=0.2569  E_p[y]=0.7587  sum p=1.000000000000  (0.5s)
14:06:10 [finetune_5] eval step 7500: KL(p*||p)=0.3350  KL(p||p*)=0.5865  KL(pi||p)=4.2130  TV=0.2756  E_p[y]=0.7528  sum p=1.000000000000  (0.6s)
14:06:16 [finetune_5] eval step 7750: KL(p*||p)=0.2165  KL(p||p*)=0.4892  KL(pi||p)=3.9067  TV=0.2212  E_p[y]=0.7662  sum p=1.000000000000  (0.5s)
14:06:22 [finetune_5] eval step 8000: KL(p*||p)=0.1948  KL(p||p*)=0.3890  KL(pi||p)=3.9607  TV=0.2141  E_p[y]=0.7697  sum p=1.000000000000  (0.5s)
14:06:28 [finetune_5] eval step 8250: KL(p*||p)=0.1970  KL(p||p*)=0.4274  KL(pi||p)=3.9864  TV=0.2092  E_p[y]=0.7714  sum p=1.000000000000  (0.5s)
14:06:34 [finetune_5] eval step 8500: KL(p*||p)=0.3172  KL(p||p*)=0.6629  KL(pi||p)=4.2458  TV=0.2518  E_p[y]=0.7643  sum p=1.000000000000  (0.5s)
14:06:40 [finetune_5] eval step 8750: KL(p*||p)=0.1998  KL(p||p*)=0.4945  KL(pi||p)=4.1552  TV=0.1944  E_p[y]=0.7728  sum p=1.000000000000  (0.6s)
14:06:45 [finetune_5] eval step 9000: KL(p*||p)=0.1865  KL(p||p*)=0.4643  KL(pi||p)=4.0416  TV=0.1886  E_p[y]=0.7706  sum p=1.000000000000  (0.5s)
14:06:51 [finetune_5] eval step 9250: KL(p*||p)=0.1837  KL(p||p*)=0.4270  KL(pi||p)=4.0372  TV=0.1977  E_p[y]=0.7724  sum p=1.000000000000  (0.5s)
14:06:57 [finetune_5] eval step 9500: KL(p*||p)=0.1752  KL(p||p*)=0.4557  KL(pi||p)=3.9349  TV=0.1757  E_p[y]=0.7782  sum p=1.000000000000  (0.5s)
14:07:03 [finetune_5] eval step 9750: KL(p*||p)=0.1719  KL(p||p*)=0.4213  KL(pi||p)=3.9698  TV=0.1754  E_p[y]=0.7787  sum p=1.000000000000  (0.5s)
14:07:03 [finetune_5] loss plateau at step 9750: mean of last 2000 steps improved < 1% over 2000 steps; stopping
14:07:03 [finetune_5] done: KL(p*||p) 3.3065 -> 0.1719
