db[beta=0.5] mlp_w32 from mlp_5 {context_source=uniform, con 1 {'T0.6_h2_term': 0.979, 'T0.6_h2_traj': 0.9872, 'T0.6_h2_path': 0.0082, 'T0.6_entropy': 0.0399, 'T0.6_score': 0.7131, 'T1.0_h2_term': 0.9275, 'T1.0_h2_traj': 0.9554, 'T1.0_h2_path': 0.0279, 'T1.0_entropy': 0.2115, 'T1.0_score': 0.713}
db[beta=0.5] mlp_w32 from mlp_5 {context_source=uniform, con 2 {'T0.6_h2_term': 0.979, 'T0.6_h2_traj': 0.9875, 'T0.6_h2_path': 0.0085, 'T0.6_entropy': 0.0397, 'T0.6_score': 0.7131, 'T1.0_h2_term': 0.9279, 'T1.0_h2_traj': 0.9588, 'T1.0_h2_path': 0.0309, 'T1.0_entropy': 0.2124, 'T1.0_score': 0.713}
db[beta=1.5] mlp_w32 from mlp_5 {context_source=uniform, con 1 {'T0.6_h2_term': 0.9791, 'T0.6_h2_traj': 1.0, 'T0.6_h2_path': 0.0209, 'T0.6_entropy': 0.0175, 'T0.6_score': 0.7131, 'T1.0_h2_term': 0.9298, 'T1.0_h2_traj': 1.0, 'T1.0_h2_path': 0.0702, 'T1.0_entropy': 0.1373, 'T1.0_score': 0.7131}
db[beta=1.5] mlp_w32 from mlp_5 {context_source=uniform, con 2 {'T0.6_h2_term': 0.9791, 'T0.6_h2_traj': 1.0, 'T0.6_h2_path': 0.0209, 'T0.6_entropy': 0.0165, 'T0.6_score': 0.7131, 'T1.0_h2_term': 0.9298, 'T1.0_h2_traj': 1.0, 'T1.0_h2_path': 0.0702, 'T1.0_entropy': 0.1333, 'T1.0_score': 0.7131}
db[beta=4.5] mlp_w32 from mlp_5 {context_source=uniform, con 1 {'T0.6_h2_term': 1.0, 'T0.6_h2_traj': 1.0, 'T0.6_h2_path': 0.0, 'T0.6_entropy': 0.005, 'T0.6_score': 0.947, 'T1.0_h2_term': 1.0, 'T1.0_h2_traj': 1.0, 'T1.0_h2_path': 0.0, 'T1.0_entropy': 0.0626, 'T1.0_score': 0.9465}
db[beta=4.5] mlp_w32 from mlp_5 {context_source=uniform, con 2 {'T0.6_h2_term': 1.0, 'T0.6_h2_traj': 1.0, 'T0.6_h2_path': 0.0, 'T0.6_entropy': 0.0047, 'T0.6_score': 0.947, 'T1.0_h2_term': 1.0, 'T1.0_h2_traj': 1.0, 'T1.0_h2_path': 0.0, 'T1.0_entropy': 0.0602, 'T1.0_score': 0.9465}
entppo[beta=0.5, gae_lambda=0.7, ppo_epochs=4, eps_clip=0.2] 1 {'T0.6_h2_term': 0.979, 'T0.6_h2_traj': 0.9878, 'T0.6_h2_path': 0.0088, 'T0.6_entropy': 0.0442, 'T0.6_score': 0.7131, 'T1.0_h2_term': 0.9286, 'T1.0_h2_traj': 0.9619, 'T1.0_h2_path': 0.0333, 'T1.0_entropy': 0.2171, 'T1.0_score': 0.7129}
entppo[beta=0.5, gae_lambda=0.7, ppo_epochs=4, eps_clip=0.2] 2 {'T0.6_h2_term': 0.979, 'T0.6_h2_traj': 0.9879, 'T0.6_h2_path': 0.0089, 'T0.6_entropy': 0.0438, 'T0.6_score': 0.7131, 'T1.0_h2_term': 0.9286, 'T1.0_h2_traj': 0.962, 'T1.0_h2_path': 0.0333, 'T1.0_entropy': 0.2153, 'T1.0_score': 0.7129}
entppo[beta=1.5, gae_lambda=0.7, ppo_epochs=4, eps_clip=0.2] 1 {'T0.6_h2_term': 0.9792, 'T0.6_h2_traj': 1.0, 'T0.6_h2_path': 0.0208, 'T0.6_entropy': 0.0815, 'T0.6_score': 0.7158, 'T1.0_h2_term': 0.9309, 'T1.0_h2_traj': 1.0, 'T1.0_h2_path': 0.0691, 'T1.0_entropy': 0.2486, 'T1.0_score': 0.7186}
entppo[beta=1.5, gae_lambda=0.7, ppo_epochs=4, eps_clip=0.2] 2 {'T0.6_h2_term': 0.9791, 'T0.6_h2_traj': 1.0, 'T0.6_h2_path': 0.0209, 'T0.6_entropy': 0.042, 'T0.6_score': 0.7141, 'T1.0_h2_term': 0.9306, 'T1.0_h2_traj': 1.0, 'T1.0_h2_path': 0.0694, 'T1.0_entropy': 0.1953, 'T1.0_score': 0.7163}
entppo[beta=4.5, gae_lambda=0.7, ppo_epochs=4, eps_clip=0.2] 1 {'T0.6_h2_term': 1.0, 'T0.6_h2_traj': 1.0, 'T0.6_h2_path': 0.0, 'T0.6_entropy': 0.0014, 'T0.6_score': 0.947, 'T1.0_h2_term': 1.0, 'T1.0_h2_traj': 1.0, 'T1.0_h2_path': 0.0, 'T1.0_entropy': 0.0313, 'T1.0_score': 0.9468}
entppo[beta=4.5, gae_lambda=0.7, ppo_epochs=4, eps_clip=0.2] 2 {'T0.6_h2_term': 1.0, 'T0.6_h2_traj': 1.0, 'T0.6_h2_path': 0.0, 'T0.6_entropy': 0.0015, 'T0.6_score': 0.947, 'T1.0_h2_term': 1.0, 'T1.0_h2_traj': 1.0, 'T1.0_h2_path': 0.0, 'T1.0_entropy': 0.0323, 'T1.0_score': 0.9468}
subtb[beta=0.5, subtb_lambda=0.9] mlp_w32 from mlp_5 {contex 1 {'T0.6_h2_term': 0.979, 'T0.6_h2_traj': 0.9875, 'T0.6_h2_path': 0.0085, 'T0.6_entropy': 0.0473, 'T0.6_score': 0.7131, 'T1.0_h2_term': 0.9284, 'T1.0_h2_traj': 0.958, 'T1.0_h2_path': 0.0296, 'T1.0_entropy': 0.2199, 'T1.0_score': 0.7129}
subtb[beta=0.5, subtb_lambda=0.9] mlp_w32 from mlp_5 {contex 2 {'T0.6_h2_term': 0.979, 'T0.6_h2_traj': 0.9875, 'T0.6_h2_path': 0.0085, 'T0.6_entropy': 0.0463, 'T0.6_score': 0.7131, 'T1.0_h2_term': 0.9283, 'T1.0_h2_traj': 0.9578, 'T1.0_h2_path': 0.0294, 'T1.0_entropy': 0.2184, 'T1.0_score': 0.7129}
subtb[beta=1.5, subtb_lambda=0.9] mlp_w32 from mlp_5 {contex 1 {'T0.6_h2_term': 0.9791, 'T0.6_h2_traj': 1.0, 'T0.6_h2_path': 0.0209, 'T0.6_entropy': 0.0285, 'T0.6_score': 0.7134, 'T1.0_h2_term': 0.9303, 'T1.0_h2_traj': 1.0, 'T1.0_h2_path': 0.0697, 'T1.0_entropy': 0.1773, 'T1.0_score': 0.7147}
subtb[beta=1.5, subtb_lambda=0.9] mlp_w32 from mlp_5 {contex 2 {'T0.6_h2_term': 0.9791, 'T0.6_h2_traj': 1.0, 'T0.6_h2_path': 0.0209, 'T0.6_entropy': 0.026, 'T0.6_score': 0.7132, 'T1.0_h2_term': 0.9299, 'T1.0_h2_traj': 1.0, 'T1.0_h2_path': 0.0701, 'T1.0_entropy': 0.168, 'T1.0_score': 0.7135}
subtb[beta=4.5, subtb_lambda=0.9] mlp_w32 from mlp_5 {contex 1 {'T0.6_h2_term': 1.0, 'T0.6_h2_traj': 1.0, 'T0.6_h2_path': 0.0, 'T0.6_entropy': 0.0079, 'T0.6_score': 0.947, 'T1.0_h2_term': 1.0, 'T1.0_h2_traj': 1.0, 'T1.0_h2_path': 0.0, 'T1.0_entropy': 0.0802, 'T1.0_score': 0.9462}
subtb[beta=4.5, subtb_lambda=0.9] mlp_w32 from mlp_5 {contex 2 {'T0.6_h2_term': 1.0, 'T0.6_h2_traj': 1.0, 'T0.6_h2_path': 0.0, 'T0.6_entropy': 0.0077, 'T0.6_score': 0.947, 'T1.0_h2_term': 1.0, 'T1.0_h2_traj': 1.0, 'T1.0_h2_path': 0.0, 'T1.0_entropy': 0.0794, 'T1.0_score': 0.9463}
tb[beta=0.5] mlp_w32 from mlp_5 {context_source=uniform, con 1 {'T0.6_h2_term': 0.9789, 'T0.6_h2_traj': 0.9947, 'T0.6_h2_path': 0.0158, 'T0.6_entropy': 0.0544, 'T0.6_score': 0.7131, 'T1.0_h2_term': 0.9243, 'T1.0_h2_traj': 0.9686, 'T1.0_h2_path': 0.0443, 'T1.0_entropy': 0.2286, 'T1.0_score': 0.7128}
tb[beta=0.5] mlp_w32 from mlp_5 {context_source=uniform, con 2 {'T0.6_h2_term': 0.979, 'T0.6_h2_traj': 0.9871, 'T0.6_h2_path': 0.0082, 'T0.6_entropy': 0.0526, 'T0.6_score': 0.7131, 'T1.0_h2_term': 0.9271, 'T1.0_h2_traj': 0.9549, 'T1.0_h2_path': 0.0279, 'T1.0_entropy': 0.2344, 'T1.0_score': 0.7129}
tb[beta=1.5] mlp_w32 from mlp_5 {context_source=uniform, con 1 {'T0.6_h2_term': 0.9791, 'T0.6_h2_traj': 1.0, 'T0.6_h2_path': 0.0209, 'T0.6_entropy': 0.0257, 'T0.6_score': 0.7131, 'T1.0_h2_term': 0.9297, 'T1.0_h2_traj': 1.0, 'T1.0_h2_path': 0.0703, 'T1.0_entropy': 0.1603, 'T1.0_score': 0.713}
tb[beta=1.5] mlp_w32 from mlp_5 {context_source=uniform, con 2 {'T0.6_h2_term': 0.9791, 'T0.6_h2_traj': 1.0, 'T0.6_h2_path': 0.0209, 'T0.6_entropy': 0.026, 'T0.6_score': 0.7131, 'T1.0_h2_term': 0.9297, 'T1.0_h2_traj': 1.0, 'T1.0_h2_path': 0.0703, 'T1.0_entropy': 0.1614, 'T1.0_score': 0.713}
tb[beta=4.5] mlp_w32 from mlp_5 {context_source=uniform, con 1 {'T0.6_h2_term': 1.0, 'T0.6_h2_traj': 1.0, 'T0.6_h2_path': 0.0, 'T0.6_entropy': 0.0099, 'T0.6_score': 0.947, 'T1.0_h2_term': 1.0, 'T1.0_h2_traj': 1.0, 'T1.0_h2_path': 0.0, 'T1.0_entropy': 0.0911, 'T1.0_score': 0.9461}
tb[beta=4.5] mlp_w32 from mlp_5 {context_source=uniform, con 2 {'T0.6_h2_term': 1.0, 'T0.6_h2_traj': 1.0, 'T0.6_h2_path': 0.0, 'T0.6_entropy': 0.0104, 'T0.6_score': 0.947, 'T1.0_h2_term': 1.0, 'T1.0_h2_traj': 1.0, 'T1.0_h2_path': 0.0, 'T1.0_entropy': 0.0933, 'T1.0_score': 0.9461}
trafl[beta=0.5, estimator=square, mask_scheme=comp, mask_sam 1 {'T0.6_h2_term': 0.8321, 'T0.6_h2_traj': 0.8694, 'T0.6_h2_path': 0.0373, 'T0.6_entropy': 0.1578, 'T0.6_score': 0.7039, 'T1.0_h2_term': 0.6523, 'T1.0_h2_traj': 0.789, 'T1.0_h2_path': 0.1367, 'T1.0_entropy': 0.5159, 'T1.0_score': 0.6797}
trafl[beta=0.5, estimator=square, mask_scheme=comp, mask_sam 2 {'T0.6_h2_term': 0.8395, 'T0.6_h2_traj': 0.9963, 'T0.6_h2_path': 0.1569, 'T0.6_entropy': 0.1487, 'T0.6_score': 0.7047, 'T1.0_h2_term': 0.6626, 'T1.0_h2_traj': 0.9638, 'T1.0_h2_path': 0.3012, 'T1.0_entropy': 0.4998, 'T1.0_score': 0.682}
trafl[beta=1.5, estimator=square, mask_scheme=comp, mask_sam 1 {'T0.6_h2_term': 0.9791, 'T0.6_h2_traj': 1.0, 'T0.6_h2_path': 0.0209, 'T0.6_entropy': 0.015, 'T0.6_score': 0.7131, 'T1.0_h2_term': 0.9302, 'T1.0_h2_traj': 1.0, 'T1.0_h2_path': 0.0698, 'T1.0_entropy': 0.1213, 'T1.0_score': 0.7131}
trafl[beta=1.5, estimator=square, mask_scheme=comp, mask_sam 2 {'T0.6_h2_term': 0.9791, 'T0.6_h2_traj': 1.0, 'T0.6_h2_path': 0.0209, 'T0.6_entropy': 0.0151, 'T0.6_score': 0.7131, 'T1.0_h2_term': 0.9302, 'T1.0_h2_traj': 1.0, 'T1.0_h2_path': 0.0698, 'T1.0_entropy': 0.1221, 'T1.0_score': 0.7131}
trafl[beta=4.5, estimator=square, mask_scheme=comp, mask_sam 1 {'T0.6_h2_term': 1.0, 'T0.6_h2_traj': 1.0, 'T0.6_h2_path': 0.0, 'T0.6_entropy': 0.0282, 'T0.6_score': 0.9468, 'T1.0_h2_term': 0.9998, 'T1.0_h2_traj': 1.0, 'T1.0_h2_path': 0.0002, 'T1.0_entropy': 0.1598, 'T1.0_score': 0.9451}
trafl[beta=4.5, estimator=square, mask_scheme=comp, mask_sam 2 {'T0.6_h2_term': 1.0, 'T0.6_h2_traj': 1.0, 'T0.6_h2_path': 0.0, 'T0.6_entropy': 0.0255, 'T0.6_score': 0.9468, 'T1.0_h2_term': 0.9998, 'T1.0_h2_traj': 1.0, 'T1.0_h2_path': 0.0002, 'T1.0_entropy': 0.1517, 'T1.0_score': 0.9453}
trafl[beta=0.5, estimator=square, mask_scheme=iid, mask_samp 1 {'T0.6_h2_term': 0.9708, 'T0.6_h2_traj': 0.9877, 'T0.6_h2_path': 0.0169, 'T0.6_entropy': 0.0399, 'T0.6_score': 0.7131, 'T1.0_h2_term': 0.8873, 'T1.0_h2_traj': 0.9401, 'T1.0_h2_path': 0.0528, 'T1.0_entropy': 0.2126, 'T1.0_score': 0.7122}
trafl[beta=0.5, estimator=square, mask_scheme=iid, mask_samp 2 {'T0.6_h2_term': 0.971, 'T0.6_h2_traj': 0.9879, 'T0.6_h2_path': 0.0169, 'T0.6_entropy': 0.0373, 'T0.6_score': 0.7131, 'T1.0_h2_term': 0.8873, 'T1.0_h2_traj': 0.9401, 'T1.0_h2_path': 0.0529, 'T1.0_entropy': 0.2053, 'T1.0_score': 0.7122}
trafl[beta=1.5, estimator=square, mask_scheme=iid, mask_samp 1 {'T0.6_h2_term': 0.9791, 'T0.6_h2_traj': 1.0, 'T0.6_h2_path': 0.0209, 'T0.6_entropy': 0.0298, 'T0.6_score': 0.7136, 'T1.0_h2_term': 0.9305, 'T1.0_h2_traj': 1.0, 'T1.0_h2_path': 0.0695, 'T1.0_entropy': 0.2211, 'T1.0_score': 0.7168}
trafl[beta=1.5, estimator=square, mask_scheme=iid, mask_samp 2 {'T0.6_h2_term': 0.9791, 'T0.6_h2_traj': 1.0, 'T0.6_h2_path': 0.0209, 'T0.6_entropy': 0.0272, 'T0.6_score': 0.7136, 'T1.0_h2_term': 0.9307, 'T1.0_h2_traj': 1.0, 'T1.0_h2_path': 0.0693, 'T1.0_entropy': 0.2096, 'T1.0_score': 0.7168}
trafl[beta=4.5, estimator=square, mask_scheme=iid, mask_samp 1 {'T0.6_h2_term': 1.0, 'T0.6_h2_traj': 1.0, 'T0.6_h2_path': 0.0, 'T0.6_entropy': 0.0122, 'T0.6_score': 0.947, 'T1.0_h2_term': 1.0, 'T1.0_h2_traj': 1.0, 'T1.0_h2_path': 0.0, 'T1.0_entropy': 0.1016, 'T1.0_score': 0.946}
trafl[beta=4.5, estimator=square, mask_scheme=iid, mask_samp 2 {'T0.6_h2_term': 1.0, 'T0.6_h2_traj': 1.0, 'T0.6_h2_path': 0.0, 'T0.6_entropy': 0.0127, 'T0.6_score': 0.9469, 'T1.0_h2_term': 1.0, 'T1.0_h2_traj': 1.0, 'T1.0_h2_path': 0.0, 'T1.0_entropy': 0.1038, 'T1.0_score': 0.9459}
